[2026-09-24T05:38:53Z] all series declared and verified against the Luna contracts
[2026-09-24T05:38:53Z] batch_01: replicates sol_r001..sol_r005
[2026-09-24T05:39:48Z] sol_r001 naive_direct_llm: invalid (54.7s)
[2026-09-24T05:44:30Z] sol_r001 rges_full_v4: ok (281.78s)
[2026-09-24T05:48:34Z] sol_r001 rges_voi_withheld: ok (244.47s)
[2026-09-24T05:52:30Z] sol_r001 rges_rule_order_minimality_first: ok (235.45s)
[2026-09-24T05:56:26Z] sol_r001 cbes_A_drift_V5_NO_GATE: ok (236.19s)
[2026-09-24T06:00:38Z] sol_r001 cbes_A_drift_V5_FULL: invalid (252.34s)
[2026-09-24T06:00:47Z] sol_r001 cbes_B_processing_window_V5_NO_GATE: invalid (8.28s)
[2026-09-24T06:06:16Z] sol_r001 cbes_B_processing_window_V5_FULL: ok (329.44s)
[2026-09-24T06:06:47Z] sol_r002 naive_direct_llm: ok (31.42s)
[2026-09-24T06:12:16Z] sol_r002 rges_full_v4: invalid (328.02s)
[2026-09-24T06:16:48Z] sol_r002 rges_voi_withheld: ok (272.02s)
[2026-09-24T06:21:18Z] sol_r002 rges_rule_order_minimality_first: ok (270.76s)
[2026-09-24T06:26:30Z] sol_r002 cbes_A_drift_V5_NO_GATE: ok (311.16s)
[2026-09-24T06:31:24Z] sol_r002 cbes_A_drift_V5_FULL: ok (294.59s)
[2026-09-24T06:36:02Z] sol_r002 cbes_B_processing_window_V5_NO_GATE: ok (277.82s)
[2026-09-24T06:40:31Z] sol_r002 cbes_B_processing_window_V5_FULL: ok (269.05s)
[2026-09-24T06:41:01Z] sol_r003 naive_direct_llm: invalid (29.68s)
[2026-09-24T06:45:03Z] sol_r003 rges_full_v4: invalid (241.95s)
[2026-09-24T06:47:47Z] sol_r003 rges_voi_withheld: technical_failure (164.29s)
[2026-09-24T06:47:57Z] sol_r003 rges_rule_order_minimality_first: technical_failure (9.96s)
[2026-09-24T06:48:07Z] sol_r003 cbes_A_drift_V5_NO_GATE: technical_failure (10.06s)
[2026-09-24T06:48:17Z] sol_r003 cbes_A_drift_V5_FULL: technical_failure (9.53s)
